[2026-03-24T13:09:49.601] [DEBUG] debug-file - env: nodejsVersion=v18.20.1
[2026-03-24T13:09:49.784] [DEBUG] debug-file - Hvigor init with startParameters:{
  hvigorfileTypeCheck: false,
  parallelExecution: false,
  incrementalExecution: true,
  printStackTrace: true,
  daemon: false,
  analyze: 0,
  logLevel: Level { level: 20000, levelStr: 'INFO', colour: 'green' }
}
[2026-03-24T13:09:49.790] [DEBUG] debug-file - hvigorfile, resolving /home/pc/Desktop/benchmarks/mobile/harmony/oxo-harmony-ben1/src/hvigorfile.ts
[2026-03-24T13:09:50.234] [DEBUG] debug-file - hvigorfile, require result:  { default: { system: [Function: appTasks], plugins: [] } }
[2026-03-24T13:09:50.329] [DEBUG] debug-file - Start initialize project's product build option map with build mode debug.
[2026-03-24T13:09:50.330] [DEBUG] debug-file - Product 'default' using build option: {
  "debuggable": true
} in this build.
[2026-03-24T13:09:50.340] [DEBUG] debug-file - Start recording SDK configuration permission data.
[2026-03-24T13:09:50.365] [DEBUG] debug-file - Project task initialization takes 7 ms 
[2026-03-24T13:09:50.368] [DEBUG] debug-file - hvigorfile, resolving /home/pc/Desktop/benchmarks/mobile/harmony/oxo-harmony-ben1/src/entry/hvigorfile.ts
[2026-03-24T13:09:50.377] [DEBUG] debug-file - Start initialize module-target build option map, moduleName=entry, buildMode=debug
[2026-03-24T13:09:50.381] [DEBUG] debug-file - Module entry task initialization takes 2 ms 
[2026-03-24T13:09:50.382] [DEBUG] debug-file - project has submodules:entry
[2026-03-24T13:09:50.388] [DEBUG] debug-file - Configuration task cost before running: 612 ms 
[2026-03-24T13:09:50.389] [DEBUG] debug-file - Executing task :entry:clean
[2026-03-24T13:09:50.393] [DEBUG] debug-file - entry : clean cost memory 0.8071975708007812
[2026-03-24T13:09:50.395] [DEBUG] debug-file - Since there is no instance or instance is terminated, create a new worker pool.
[2026-03-24T13:09:50.395] [DEBUG] debug-file - Create  resident worker with id: 0.
[2026-03-24T13:09:50.399] [DEBUG] debug-file - Executing task :entry:default@PreBuild
[2026-03-24T13:09:50.466] [DEBUG] debug-file - jsonObjWithoutParam {} at undefined
[2026-03-24T13:09:50.468] [DEBUG] debug-file - jsonObjWithoutParam {} at undefined
[2026-03-24T13:09:50.469] [DEBUG] debug-file - Executing task :entry:default@GenerateMetadata
[2026-03-24T13:09:50.470] [DEBUG] debug-file - jsonObjWithoutParam {} at undefined
[2026-03-24T13:09:50.472] [DEBUG] debug-file - jsonObjWithoutParam {} at undefined
[2026-03-24T13:09:50.474] [DEBUG] debug-file - jsonObjWithoutParam {} at undefined
[2026-03-24T13:09:50.475] [DEBUG] debug-file - Executing task :entry:default@CreateBuildProfile
[2026-03-24T13:09:50.476] [DEBUG] debug-file - jsonObjWithoutParam {} at undefined
[2026-03-24T13:09:50.476] [DEBUG] debug-file - Executing task :entry:default@PreCheckSyscap
[2026-03-24T13:09:50.478] [DEBUG] debug-file - Executing task :entry:default@GeneratePkgContextInfo
[2026-03-24T13:09:50.477] [DEBUG] debug-file - jsonObjWithoutParam {} at undefined
[2026-03-24T13:09:50.481] [DEBUG] debug-file - jsonObjWithoutParam {} at undefined
[2026-03-24T13:09:50.482] [DEBUG] debug-file - Executing task :entry:default@ProcessIntegratedHsp
[2026-03-24T13:09:50.486] [DEBUG] debug-file - Executing task :entry:default@BuildNativeWithCmake
[2026-03-24T13:09:50.486] [DEBUG] debug-file - jsonObjWithoutParam {} at undefined
[2026-03-24T13:09:50.487] [DEBUG] debug-file - jsonObjWithoutParam {} at undefined
[2026-03-24T13:09:50.488] [DEBUG] debug-file - Executing task :entry:default@MakePackInfo
[2026-03-24T13:09:50.490] [DEBUG] debug-file - Executing task :entry:default@SyscapTransform
[2026-03-24T13:09:50.490] [DEBUG] debug-file - jsonObjWithoutParam {} at undefined
[2026-03-24T13:09:50.493] [DEBUG] debug-file - Task entry:default@SyscapTransform's work:0 will not be executed in worker pool.
[2026-03-24T13:09:49.602] [DEBUG] debug-file - env: hvigor-config.json5 content = {
  modelVersion: '5.1.0',
  dependencies: {},
  execution: {},
  logging: {},
  debugging: {},
  nodeOptions: {}
}
[2026-03-24T13:09:50.493] [DEBUG] debug-file - current process  memoryUsage: {
  rss: 284860416,
  heapTotal: 162312192,
  heapUsed: 129966640,
  external: 4068808,
  arrayBuffers: 1281097
} os memoryUsage :11.230003356933594
[2026-03-24T13:09:49.785] [DEBUG] debug-file - Since current hvigor version 5.18.5 differs from last hvigor version 
      undefined, delete file-cache.json and task-cache.json.
[2026-03-24T13:09:50.548] [DEBUG] debug-file - 13.0.1.0
[2026-03-24T13:09:50.501] [DEBUG] debug-file - jsonObjWithoutParam {} at undefined
[2026-03-24T13:09:50.550] [DEBUG] debug-file - Executing task :entry:default@ProcessRouterMap
[2026-03-24T13:09:50.549] [DEBUG] debug-file - jsonObjWithoutParam {} at undefined
[2026-03-24T13:09:50.551] [DEBUG] debug-file - jsonObjWithoutParam {} at undefined
[2026-03-24T13:09:50.553] [DEBUG] debug-file - jsonObjWithoutParam {} at undefined
[2026-03-24T13:09:50.553] [DEBUG] debug-file - Executing task :entry:default@BuildNativeWithNinja
[2026-03-24T13:09:50.554] [DEBUG] debug-file - jsonObjWithoutParam {} at undefined
[2026-03-24T13:09:50.557] [DEBUG] debug-file - jsonObjWithoutParam {} at undefined
[2026-03-24T13:09:50.557] [DEBUG] debug-file - Executing task :entry:default@GenerateLoaderJson
[2026-03-24T13:09:50.561] [DEBUG] debug-file - entry : default@GenerateLoaderJson cost memory 0.9486618041992188
[2026-03-24T13:09:50.562] [INFO] debug-file - Finished :entry:default@GenerateLoaderJson... after 4 ms 
[2026-03-24T13:09:50.563] [DEBUG] debug-file - jsonObjWithoutParam {} at undefined
[2026-03-24T13:09:50.563] [DEBUG] debug-file - Executing task :entry:default@ProcessLibs
[2026-03-24T13:09:50.565] [DEBUG] debug-file - Worker dispatch failed, running processLibs on main thread.
[2026-03-24T13:09:50.566] [DEBUG] debug-file - jsonObjWithoutParam {} at undefined
[2026-03-24T13:09:50.566] [DEBUG] debug-file - Executing task :entry:default@CompileResource
[2026-03-24T13:09:50.570] [DEBUG] debug-file - Use tool [/home/pc/setup-ohos-sdk/linux/20/toolchains/restool]
 [
  '/home/pc/setup-ohos-sdk/linux/20/toolchains/restool',
  '-l',
  '/home/pc/Desktop/benchmarks/mobile/harmony/oxo-harmony-ben1/src/entry/build/default/intermediates/res/default/resConfig.json'
]
[2026-03-24T13:09:50.234] [DEBUG] debug-file - hvigorfile, binding system plugins [Function: appTasks]
[2026-03-24T13:09:50.329] [DEBUG] debug-file - Picking option from product 'default' with build mode 'debug'.
[2026-03-24T13:09:50.356] [DEBUG] debug-file - Sdk init in 20 ms 
[2026-03-24T13:09:50.366] [DEBUG] debug-file - hvigorfile, binding custom plugins []
[2026-03-24T13:09:50.371] [DEBUG] debug-file - hvigorfile, require result:  { default: { system: [Function: hapTasks], plugins: [] } }
[2026-03-24T13:09:50.377] [DEBUG] debug-file - Target 'default' config: {}
[2026-03-24T13:09:50.381] [DEBUG] debug-file - hvigorfile, binding custom plugins []
[2026-03-24T13:09:50.382] [DEBUG] debug-file - start to load updatedOhPackageInfo to the disk
[2026-03-24T13:09:50.389] [DEBUG] debug-file - clean: Worker pool is inactive.
[2026-03-24T13:09:50.393] [DEBUG] debug-file - runTaskFromQueue task cost before running: 617 ms 
[2026-03-24T13:09:50.395] [DEBUG] debug-file - Worker pool is initialized with config:  {
  minPoolNum: 2,
  maxPoolNum: undefined,
  maxCoreSize: undefined,
  cacheCapacity: undefined,
  cacheTtl: undefined
}
[2026-03-24T13:09:50.396] [DEBUG] debug-file - Create  resident worker with id: 1.
[2026-03-24T13:09:50.400] [DEBUG] debug-file - jsonObjWithoutParam {} at undefined
[2026-03-24T13:09:50.466] [DEBUG] debug-file - jsonObjWithoutParam {"name":"entry","version":"1.0.0","description":"Please describe the basic information.","main":"","author":"","license":"","dependencies":{}} at undefined
[2026-03-24T13:09:50.468] [DEBUG] debug-file - jsonObjWithoutParam {"name":"entry","version":"1.0.0","description":"Please describe the basic information.","main":"","author":"","license":"","dependencies":{}} at undefined
[2026-03-24T13:09:50.469] [DEBUG] debug-file - Task 'entry:default@GenerateMetadata' cost while wrapping incremental declarations: 1 ms 
[2026-03-24T13:09:50.470] [DEBUG] debug-file - jsonObjWithoutParam {"name":"entry","version":"1.0.0","description":"Please describe the basic information.","main":"","author":"","license":"","dependencies":{}} at undefined
[2026-03-24T13:09:50.472] [DEBUG] debug-file - jsonObjWithoutParam {"name":"entry","version":"1.0.0","description":"Please describe the basic information.","main":"","author":"","license":"","dependencies":{}} at undefined
[2026-03-24T13:09:50.474] [DEBUG] debug-file - jsonObjWithoutParam {"name":"entry","version":"1.0.0","description":"Please describe the basic information.","main":"","author":"","license":"","dependencies":{}} at undefined
[2026-03-24T13:09:50.475] [DEBUG] debug-file - Task 'entry:default@CreateBuildProfile' cost while wrapping incremental declarations: 1 ms 
[2026-03-24T13:09:50.476] [DEBUG] debug-file - jsonObjWithoutParam {"name":"entry","version":"1.0.0","description":"Please describe the basic information.","main":"","author":"","license":"","dependencies":{}} at undefined
[2026-03-24T13:09:50.476] [DEBUG] debug-file - jsonObjWithoutParam {} at undefined
[2026-03-24T13:09:50.480] [DEBUG] debug-file - Task 'entry:default@GeneratePkgContextInfo' cost while wrapping incremental declarations: 1 ms 
[2026-03-24T13:09:50.478] [DEBUG] debug-file - jsonObjWithoutParam {"name":"entry","version":"1.0.0","description":"Please describe the basic information.","main":"","author":"","license":"","dependencies":{}} at undefined
[2026-03-24T13:09:50.481] [DEBUG] debug-file - jsonObjWithoutParam {"name":"entry","version":"1.0.0","description":"Please describe the basic information.","main":"","author":"","license":"","dependencies":{}} at undefined
[2026-03-24T13:09:50.482] [DEBUG] debug-file - jsonObjWithoutParam {} at undefined
[2026-03-24T13:09:50.486] [DEBUG] debug-file - jsonObjWithoutParam {} at undefined
[2026-03-24T13:09:50.486] [DEBUG] debug-file - jsonObjWithoutParam {"name":"entry","version":"1.0.0","description":"Please describe the basic information.","main":"","author":"","license":"","dependencies":{}} at undefined
[2026-03-24T13:09:50.487] [DEBUG] debug-file - jsonObjWithoutParam {"name":"entry","version":"1.0.0","description":"Please describe the basic information.","main":"","author":"","license":"","dependencies":{}} at undefined
[2026-03-24T13:09:50.488] [DEBUG] debug-file - jsonObjWithoutParam {} at undefined
[2026-03-24T13:09:50.490] [DEBUG] debug-file - File: '/home/pc/Desktop/benchmarks/mobile/harmony/oxo-harmony-ben1/src/entry/src/main/syscap.json' from 'sysCapJsonPath' is not exists, just ignore.
[2026-03-24T13:09:50.490] [DEBUG] debug-file - jsonObjWithoutParam {"name":"entry","version":"1.0.0","description":"Please describe the basic information.","main":"","author":"","license":"","dependencies":{}} at undefined
[2026-03-24T13:09:49.603] [DEBUG] debug-file - env: daemon=false
[2026-03-24T13:09:50.500] [DEBUG] debug-file - entry : default@SyscapTransform cost memory 1.5019378662109375
[2026-03-24T13:09:49.785] [DEBUG] debug-file - Cache service initialization finished in 1 ms 
[2026-03-24T13:09:50.571] [DEBUG] debug-file - current process  memoryUsage: {
  rss: 285843456,
  heapTotal: 162574336,
  heapUsed: 137514568,
  external: 4114398,
  arrayBuffers: 1326687
} os memoryUsage :11.22824478149414
[2026-03-24T13:09:50.548] [DEBUG] debug-file - entry : default@ProcessProfile cost memory 0.34583282470703125
[2026-03-24T13:09:50.501] [DEBUG] debug-file - jsonObjWithoutParam {"name":"entry","version":"1.0.0","description":"Please describe the basic information.","main":"","author":"","license":"","dependencies":{}} at undefined
[2026-03-24T13:09:50.550] [DEBUG] debug-file - jsonObjWithoutParam {} at undefined
[2026-03-24T13:09:50.549] [DEBUG] debug-file - jsonObjWithoutParam {"name":"entry","version":"1.0.0","description":"Please describe the basic information.","main":"","author":"","license":"","dependencies":{}} at undefined
[2026-03-24T13:09:50.552] [DEBUG] debug-file - jsonObjWithoutParam {"name":"entry","version":"1.0.0","description":"Please describe the basic information.","main":"","author":"","license":"","dependencies":{}} at undefined
[2026-03-24T13:09:50.553] [DEBUG] debug-file - jsonObjWithoutParam {"name":"entry","version":"1.0.0","description":"Please describe the basic information.","main":"","author":"","license":"","dependencies":{}} at undefined
[2026-03-24T13:09:50.553] [DEBUG] debug-file - jsonObjWithoutParam {} at undefined
[2026-03-24T13:09:50.554] [DEBUG] debug-file - jsonObjWithoutParam {"name":"entry","version":"1.0.0","description":"Please describe the basic information.","main":"","author":"","license":"","dependencies":{}} at undefined
[2026-03-24T13:09:50.557] [DEBUG] debug-file - jsonObjWithoutParam {"name":"entry","version":"1.0.0","description":"Please describe the basic information.","main":"","author":"","license":"","dependencies":{}} at undefined
[2026-03-24T13:09:50.561] [DEBUG] debug-file - runTaskFromQueue task cost before running: 785 ms 
[2026-03-24T13:09:50.563] [DEBUG] debug-file - jsonObjWithoutParam {"name":"entry","version":"1.0.0","description":"Please describe the basic information.","main":"","author":"","license":"","dependencies":{}} at undefined
[2026-03-24T13:09:50.563] [DEBUG] debug-file - jsonObjWithoutParam {} at undefined
[2026-03-24T13:09:50.565] [DEBUG] debug-file - entry : default@ProcessLibs cost memory 0.5394821166992188
[2026-03-24T13:09:50.566] [DEBUG] debug-file - jsonObjWithoutParam {"name":"entry","version":"1.0.0","description":"Please describe the basic information.","main":"","author":"","license":"","dependencies":{}} at undefined
[2026-03-24T13:09:50.329] [DEBUG] debug-file - Product 'default' build option: {}
[2026-03-24T13:09:50.366] [DEBUG] debug-file - hvigorfile, no custom plugins were found in /home/pc/Desktop/benchmarks/mobile/harmony/oxo-harmony-ben1/src/hvigorfile.ts
[2026-03-24T13:09:50.371] [DEBUG] debug-file - hvigorfile, binding system plugins [Function: hapTasks]
[2026-03-24T13:09:50.377] [DEBUG] debug-file - Target 'ohosTest' config: {}
[2026-03-24T13:09:50.381] [DEBUG] debug-file - hvigorfile, no custom plugins were found in /home/pc/Desktop/benchmarks/mobile/harmony/oxo-harmony-ben1/src/entry/hvigorfile.ts
[2026-03-24T13:09:50.383] [DEBUG] debug-file - load to the disk finished
[2026-03-24T13:09:50.394] [INFO] debug-file - Finished :entry:clean... after 4 ms 
[2026-03-24T13:09:50.397] [DEBUG] debug-file - jsonObjWithoutParam {} at undefined
[2026-03-24T13:09:50.400] [DEBUG] debug-file - jsonObjWithoutParam {"name":"entry","version":"1.0.0","description":"Please describe the basic information.","main":"","author":"","license":"","dependencies":{}} at undefined
[2026-03-24T13:09:50.466] [DEBUG] debug-file - Executing task :entry:default@CreateModuleInfo
[2026-03-24T13:09:50.469] [DEBUG] debug-file - jsonObjWithoutParam {} at undefined
[2026-03-24T13:09:50.471] [DEBUG] debug-file - Executing task :entry:default@ConfigureCmake
[2026-03-24T13:09:50.472] [DEBUG] debug-file - Executing task :entry:default@MergeProfile
[2026-03-24T13:09:50.475] [DEBUG] debug-file - jsonObjWithoutParam {} at undefined
[2026-03-24T13:09:50.476] [DEBUG] debug-file - jsonObjWithoutParam {"name":"entry","version":"1.0.0","description":"Please describe the basic information.","main":"","author":"","license":"","dependencies":{}} at undefined
[2026-03-24T13:09:50.480] [DEBUG] debug-file - entry : default@GeneratePkgContextInfo cost memory 0.24507904052734375
[2026-03-24T13:09:50.482] [DEBUG] debug-file - jsonObjWithoutParam {"name":"entry","version":"1.0.0","description":"Please describe the basic information.","main":"","author":"","license":"","dependencies":{}} at undefined
[2026-03-24T13:09:50.486] [DEBUG] debug-file - jsonObjWithoutParam {"name":"entry","version":"1.0.0","description":"Please describe the basic information.","main":"","author":"","license":"","dependencies":{}} at undefined
[2026-03-24T13:09:50.488] [DEBUG] debug-file - jsonObjWithoutParam {"name":"entry","version":"1.0.0","description":"Please describe the basic information.","main":"","author":"","license":"","dependencies":{}} at undefined
[2026-03-24T13:09:50.490] [DEBUG] debug-file - Task 'entry:default@SyscapTransform' cost while wrapping incremental declarations: 1 ms 
[2026-03-24T13:09:49.603] [DEBUG] debug-file - no-daemon, use the parent process.execArgv --max-old-space-size=8192,--max-semi-space-size=16,--expose-gc
[2026-03-24T13:09:50.500] [DEBUG] debug-file - runTaskFromQueue task cost before running: 723 ms 
[2026-03-24T13:09:50.548] [DEBUG] debug-file - runTaskFromQueue task cost before running: 772 ms 
[2026-03-24T13:09:50.501] [DEBUG] debug-file - Executing task :entry:default@ProcessProfile
[2026-03-24T13:09:50.550] [DEBUG] debug-file - jsonObjWithoutParam {"name":"entry","version":"1.0.0","description":"Please describe the basic information.","main":"","author":"","license":"","dependencies":{}} at undefined
[2026-03-24T13:09:50.552] [DEBUG] debug-file - Executing task :entry:default@ProcessStartupConfig
[2026-03-24T13:09:50.553] [DEBUG] debug-file - jsonObjWithoutParam {"name":"entry","version":"1.0.0","description":"Please describe the basic information.","main":"","author":"","license":"","dependencies":{}} at undefined
[2026-03-24T13:09:50.555] [DEBUG] debug-file - restool module names: entry; moduleName=entry, taskName=default@ProcessResource
[2026-03-24T13:09:50.563] [DEBUG] debug-file - jsonObjWithoutParam {"name":"entry","version":"1.0.0","description":"Please describe the basic information.","main":"","author":"","license":"","dependencies":{}} at undefined
[2026-03-24T13:09:50.565] [DEBUG] debug-file - runTaskFromQueue task cost before running: 789 ms 
[2026-03-24T13:09:50.566] [DEBUG] debug-file - restool module names: entry; moduleName=entry, taskName=default@CompileResource
[2026-03-24T13:09:50.329] [DEBUG] debug-file - End initialize project's product build option map with build mode 'debug'.
[2026-03-24T13:09:50.366] [DEBUG] debug-file - hvigorfile, resolve finished /home/pc/Desktop/benchmarks/mobile/harmony/oxo-harmony-ben1/src/hvigorfile.ts
[2026-03-24T13:09:50.377] [DEBUG] debug-file - Module 'entry' target 'default' build option: {
  "debuggable": true,
  "copyFrom": "default",
  "resOptions": {
    "copyCodeResource": {
      "enable": false
    }
  },
  "name": "debug"
}
[2026-03-24T13:09:50.381] [DEBUG] debug-file - hvigorfile, resolve finished /home/pc/Desktop/benchmarks/mobile/harmony/oxo-harmony-ben1/src/entry/hvigorfile.ts
[2026-03-24T13:09:50.383] [DEBUG] debug-file - Start to initialize dependency information.
[2026-03-24T13:09:50.397] [DEBUG] debug-file - jsonObjWithoutParam {"name":"entry","version":"1.0.0","description":"Please describe the basic information.","main":"","author":"","license":"","dependencies":{}} at undefined
[2026-03-24T13:09:50.464] [DEBUG] debug-file - current product is not Atomic service.
[2026-03-24T13:09:50.466] [DEBUG] debug-file - Task 'entry:default@CreateModuleInfo' cost while wrapping incremental declarations: 1 ms 
[2026-03-24T13:09:50.469] [DEBUG] debug-file - jsonObjWithoutParam {"name":"entry","version":"1.0.0","description":"Please describe the basic information.","main":"","author":"","license":"","dependencies":{}} at undefined
[2026-03-24T13:09:50.471] [DEBUG] debug-file - jsonObjWithoutParam {} at undefined
[2026-03-24T13:09:50.472] [DEBUG] debug-file - jsonObjWithoutParam {} at undefined
[2026-03-24T13:09:50.475] [DEBUG] debug-file - jsonObjWithoutParam {"name":"entry","version":"1.0.0","description":"Please describe the basic information.","main":"","author":"","license":"","dependencies":{}} at undefined
[2026-03-24T13:09:50.477] [DEBUG] debug-file - entry : default@PreCheckSyscap cost memory 0.02873992919921875
[2026-03-24T13:09:50.480] [DEBUG] debug-file - runTaskFromQueue task cost before running: 704 ms 
[2026-03-24T13:09:50.483] [DEBUG] debug-file - entry : default@ProcessIntegratedHsp cost memory 0.0598297119140625
[2026-03-24T13:09:50.486] [DEBUG] debug-file - entry : default@BuildNativeWithCmake cost memory 0.02606964111328125
[2026-03-24T13:09:50.489] [DEBUG] debug-file - Module Pack Info:  {
  summary: {
    app: { bundleName: 'c***p', bundleType: 'app', version: [Object] },
    modules: [ [Object] ]
  },
  packages: [
    {
      deviceType: [Array],
      moduleType: 'entry',
      deliveryWithInstall: true,
      name: 'entry-default'
    }
  ]
}
[2026-03-24T13:09:50.490] [DEBUG] debug-file - jsonObjWithoutParam {} at undefined
[2026-03-24T13:09:50.500] [INFO] debug-file - Finished :entry:default@SyscapTransform... after 10 ms 
[2026-03-24T13:09:50.548] [INFO] debug-file - Finished :entry:default@ProcessProfile... after 48 ms 
[2026-03-24T13:09:50.502] [DEBUG] debug-file - jsonObjWithoutParam {} at undefined
[2026-03-24T13:09:50.551] [DEBUG] debug-file - entry : default@ProcessRouterMap cost memory 0.105743408203125
[2026-03-24T13:09:50.552] [DEBUG] debug-file - Task 'entry:default@ProcessStartupConfig' cost while wrapping incremental declarations: 1 ms 
[2026-03-24T13:09:50.553] [DEBUG] debug-file - entry : default@BuildNativeWithNinja cost memory 0.04927825927734375
[2026-03-24T13:09:50.555] [DEBUG] debug-file - Executing task :entry:default@ProcessResource
[2026-03-24T13:09:50.565] [INFO] debug-file - Finished :entry:default@ProcessLibs... after 3 ms 
[2026-03-24T13:09:50.578] [DEBUG] debug-file - Info: Pack: normal pack mode
Warning: 'extensionPath' value cannot be empty.
at /home/pc/Desktop/benchmarks/mobile/harmony/oxo-harmony-ben1/src/entry/build/default/intermediates/res/default/opt-compression.json

[2026-03-24T13:09:50.377] [DEBUG] debug-file - Module 'entry' target 'ohosTest' build option: {
  "debuggable": true,
  "resOptions": {
    "copyCodeResource": {
      "enable": false
    }
  },
  "name": "default"
}
[2026-03-24T13:09:50.385] [DEBUG] debug-file - Module src Collected Dependency: 
[2026-03-24T13:09:50.464] [DEBUG] debug-file - Use tool [linux: JAVA_HOME, CLASSPATH]
 [ { JAVA_HOME: '/opt/jdk-17.0.12' }, { CLASSPATH: undefined } ]
[2026-03-24T13:09:50.467] [DEBUG] debug-file - entry : default@CreateModuleInfo cost memory 0.04540252685546875
[2026-03-24T13:09:50.469] [DEBUG] debug-file - entry : default@GenerateMetadata cost memory 0.0905303955078125
[2026-03-24T13:09:50.471] [DEBUG] debug-file - jsonObjWithoutParam {"name":"entry","version":"1.0.0","description":"Please describe the basic information.","main":"","author":"","license":"","dependencies":{}} at undefined
[2026-03-24T13:09:50.472] [DEBUG] debug-file - jsonObjWithoutParam {"name":"entry","version":"1.0.0","description":"Please describe the basic information.","main":"","author":"","license":"","dependencies":{}} at undefined
[2026-03-24T13:09:50.475] [DEBUG] debug-file - entry : default@CreateBuildProfile cost memory 0.08892822265625
[2026-03-24T13:09:50.477] [DEBUG] debug-file - runTaskFromQueue task cost before running: 700 ms 
[2026-03-24T13:09:50.480] [INFO] debug-file - Finished :entry:default@GeneratePkgContextInfo... after 2 ms 
[2026-03-24T13:09:50.483] [DEBUG] debug-file - runTaskFromQueue task cost before running: 706 ms 
[2026-03-24T13:09:50.486] [DEBUG] debug-file - runTaskFromQueue task cost before running: 710 ms 
[2026-03-24T13:09:50.489] [DEBUG] debug-file - entry : default@MakePackInfo cost memory 0.35943603515625
[2026-03-24T13:09:50.490] [DEBUG] debug-file - jsonObjWithoutParam {"name":"entry","version":"1.0.0","description":"Please describe the basic information.","main":"","author":"","license":"","dependencies":{}} at undefined
[2026-03-24T13:09:50.502] [DEBUG] debug-file - jsonObjWithoutParam {"name":"entry","version":"1.0.0","description":"Please describe the basic information.","main":"","author":"","license":"","dependencies":{}} at undefined
[2026-03-24T13:09:50.551] [DEBUG] debug-file - runTaskFromQueue task cost before running: 774 ms 
[2026-03-24T13:09:50.552] [DEBUG] debug-file - jsonObjWithoutParam {} at undefined
[2026-03-24T13:09:50.553] [DEBUG] debug-file - runTaskFromQueue task cost before running: 777 ms 
[2026-03-24T13:09:50.555] [DEBUG] debug-file - jsonObjWithoutParam {} at undefined
[2026-03-24T13:09:50.377] [DEBUG] debug-file - End initialize module-target build option map, moduleName=entry
[2026-03-24T13:09:50.385] [DEBUG] debug-file - Module src's total dependency: 0
[2026-03-24T13:09:50.464] [DEBUG] debug-file - Use tool [linux: NODE_HOME]
 [ { NODE_HOME: undefined } ]
[2026-03-24T13:09:50.467] [DEBUG] debug-file - runTaskFromQueue task cost before running: 690 ms 
[2026-03-24T13:09:50.470] [DEBUG] debug-file - runTaskFromQueue task cost before running: 693 ms 
[2026-03-24T13:09:50.471] [DEBUG] debug-file - entry : default@ConfigureCmake cost memory 0.0555267333984375
[2026-03-24T13:09:50.473] [DEBUG] debug-file - Change app api release type with 'Beta1'
[2026-03-24T13:09:50.475] [DEBUG] debug-file - runTaskFromQueue task cost before running: 699 ms 
[2026-03-24T13:09:50.477] [INFO] debug-file - Finished :entry:default@PreCheckSyscap... after 1 ms 
[2026-03-24T13:09:50.485] [INFO] debug-file - Finished :entry:default@ProcessIntegratedHsp... after 1 ms 
[2026-03-24T13:09:50.487] [INFO] debug-file - Finished :entry:default@BuildNativeWithCmake... after 1 ms 
[2026-03-24T13:09:50.489] [DEBUG] debug-file - runTaskFromQueue task cost before running: 712 ms 
[2026-03-24T13:09:50.502] [DEBUG] debug-file - [
  '/home/pc/command-line-tools/tool/node/bin/node',
  '/home/pc/setup-ohos-sdk/linux/20/ets/build-tools/ets-loader/bin/ark/ts2abc.js',
  '--target-api-version',
  '20'
]
[2026-03-24T13:09:50.551] [INFO] debug-file - Finished :entry:default@ProcessRouterMap... after 1 ms 
[2026-03-24T13:09:50.552] [DEBUG] debug-file - jsonObjWithoutParam {"name":"entry","version":"1.0.0","description":"Please describe the basic information.","main":"","author":"","license":"","dependencies":{}} at undefined
[2026-03-24T13:09:50.554] [INFO] debug-file - Finished :entry:default@BuildNativeWithNinja... after 1 ms 
[2026-03-24T13:09:50.555] [DEBUG] debug-file - jsonObjWithoutParam {"name":"entry","version":"1.0.0","description":"Please describe the basic information.","main":"","author":"","license":"","dependencies":{}} at undefined
[2026-03-24T13:09:50.378] [DEBUG] debug-file - Start initialize module-target build option map, moduleName=entry, buildMode=release
[2026-03-24T13:09:50.385] [DEBUG] debug-file - Start to initialize dependency information.
[2026-03-24T13:09:50.465] [DEBUG] debug-file - entry : default@PreBuild cost memory 4.431938171386719
[2026-03-24T13:09:50.467] [INFO] debug-file - Finished :entry:default@CreateModuleInfo... after 1 ms 
[2026-03-24T13:09:50.470] [INFO] debug-file - Finished :entry:default@GenerateMetadata... after 1 ms 
[2026-03-24T13:09:50.471] [DEBUG] debug-file - runTaskFromQueue task cost before running: 694 ms 
[2026-03-24T13:09:50.473] [DEBUG] debug-file - Change app compile API version with '6.0.0.47'
[2026-03-24T13:09:50.475] [INFO] debug-file - Finished :entry:default@CreateBuildProfile... after 1 ms 
[2026-03-24T13:09:50.489] [INFO] debug-file - Finished :entry:default@MakePackInfo... after 2 ms 
[2026-03-24T13:09:50.552] [DEBUG] debug-file - entry : default@ProcessStartupConfig cost memory 0.09294891357421875
[2026-03-24T13:09:50.556] [DEBUG] debug-file - entry : default@ProcessResource cost memory 0.14635467529296875
[2026-03-24T13:09:50.378] [DEBUG] debug-file - Target 'default' config: {}
[2026-03-24T13:09:50.385] [DEBUG] debug-file - Module entry Collected Dependency: 
[2026-03-24T13:09:50.465] [DEBUG] debug-file - runTaskFromQueue task cost before running: 688 ms 
[2026-03-24T13:09:50.471] [INFO] debug-file - Finished :entry:default@ConfigureCmake... after 1 ms 
[2026-03-24T13:09:50.473] [DEBUG] debug-file - Change app target API version with '20'
[2026-03-24T13:09:50.552] [DEBUG] debug-file - runTaskFromQueue task cost before running: 776 ms 
[2026-03-24T13:09:50.556] [DEBUG] debug-file - runTaskFromQueue task cost before running: 779 ms 
[2026-03-24T13:09:50.378] [DEBUG] debug-file - Target 'ohosTest' config: {}
[2026-03-24T13:09:50.385] [DEBUG] debug-file - Module entry's total dependency: 0
[2026-03-24T13:09:50.465] [INFO] debug-file - Finished :entry:default@PreBuild... after 66 ms 
[2026-03-24T13:09:50.473] [DEBUG] debug-file - Change app minimum API version with '20'
[2026-03-24T13:09:50.552] [INFO] debug-file - Finished :entry:default@ProcessStartupConfig... after 1 ms 
[2026-03-24T13:09:50.556] [INFO] debug-file - Finished :entry:default@ProcessResource... after 1 ms 
[2026-03-24T13:09:50.378] [DEBUG] debug-file - Module 'entry' target 'default' build option: {
  "debuggable": false,
  "copyFrom": "default",
  "resOptions": {
    "copyCodeResource": {
      "enable": false
    }
  },
  "name": "release",
  "arkOptions": {
    "obfuscation": {
      "ruleOptions": {
        "enable": false,
        "files": [
          "./obfuscation-rules.txt"
        ]
      }
    }
  }
}
[2026-03-24T13:09:50.387] [DEBUG] debug-file - Configuration phase cost:600 ms 
[2026-03-24T13:09:50.473] [DEBUG] debug-file - Use cli appEnvironment
[2026-03-24T13:09:50.378] [DEBUG] debug-file - Module 'entry' target 'ohosTest' build option: {
  "debuggable": true,
  "resOptions": {
    "copyCodeResource": {
      "enable": false
    }
  },
  "name": "default"
}
[2026-03-24T13:09:50.473] [DEBUG] debug-file - entry : default@MergeProfile cost memory 0.14215087890625
[2026-03-24T13:09:50.378] [DEBUG] debug-file - End initialize module-target build option map, moduleName=entry
[2026-03-24T13:09:50.473] [DEBUG] debug-file - runTaskFromQueue task cost before running: 697 ms 
[2026-03-24T13:09:50.378] [DEBUG] debug-file - Start initialize module-target build option map, moduleName=entry, buildMode=debug
[2026-03-24T13:09:50.473] [INFO] debug-file - Finished :entry:default@MergeProfile... after 2 ms 
[2026-03-24T13:09:50.378] [DEBUG] debug-file - Target 'default' config: {}
[2026-03-24T13:09:50.378] [DEBUG] debug-file - Target 'ohosTest' config: {}
[2026-03-24T13:09:50.378] [DEBUG] debug-file - Module 'entry' target 'default' build option: {
  "debuggable": true,
  "copyFrom": "default",
  "resOptions": {
    "copyCodeResource": {
      "enable": false
    }
  },
  "name": "debug"
}
[2026-03-24T13:09:50.378] [DEBUG] debug-file - Module 'entry' target 'ohosTest' build option: {
  "debuggable": true,
  "resOptions": {
    "copyCodeResource": {
      "enable": false
    }
  },
  "name": "default"
}
[2026-03-24T13:09:50.378] [DEBUG] debug-file - End initialize module-target build option map, moduleName=entry
[2026-03-24T13:09:50.378] [DEBUG] debug-file - Module 'entry' target 'default' using build option: {
  "debuggable": true,
  "copyFrom": "default",
  "resOptions": {
    "copyCodeResource": {
      "enable": false
    }
  },
  "name": "debug"
} in this build.
[2026-03-24T13:09:50.604] [DEBUG] debug-file - Info: hardware concurrency count is : 20
Info: thread count is : 20

[2026-03-24T13:09:50.605] [DEBUG] debug-file - Info: thread pool is started

[2026-03-24T13:09:50.605] [DEBUG] debug-file - Info: GenericCompiler::CompileFiles

[2026-03-24T13:09:50.606] [DEBUG] debug-file - Info: GenericCompiler::CompileFiles

[2026-03-24T13:09:50.606] [DEBUG] debug-file - Warning: '/home/pc/Desktop/benchmarks/mobile/harmony/oxo-harmony-ben1/src/entry/src/main/resources/base/media/background.png' is defined repeatedly.

[2026-03-24T13:09:50.606] [DEBUG] debug-file - Warning: '/home/pc/Desktop/benchmarks/mobile/harmony/oxo-harmony-ben1/src/entry/src/main/resources/base/media/foreground.png' is defined repeatedly.

[2026-03-24T13:09:50.606] [DEBUG] debug-file - Warning: '/home/pc/Desktop/benchmarks/mobile/harmony/oxo-harmony-ben1/src/entry/src/main/resources/base/media/layered_image.json' is defined repeatedly.

[2026-03-24T13:09:50.606] [DEBUG] debug-file - Info: GenericCompiler::CompileFiles

[2026-03-24T13:09:50.607] [DEBUG] debug-file - Info: scale icon is not enable.

[2026-03-24T13:09:50.607] [DEBUG] debug-file - Warning: The width or height of the png file referenced by the icon exceeds the limit (41 pixels)
at /home/pc/Desktop/benchmarks/mobile/harmony/oxo-harmony-ben1/src/AppScope/resources/base/media/background.png
Warning: The width or height of the png file referenced by the icon exceeds the limit (41 pixels)
at /home/pc/Desktop/benchmarks/mobile/harmony/oxo-harmony-ben1/src/AppScope/resources/base/media/foreground.png
Warning: /home/pc/Desktop/benchmarks/mobile/harmony/oxo-harmony-ben1/src/AppScope/resources/base/media/layered_image.json is not png format

[2026-03-24T13:09:50.607] [DEBUG] debug-file - Info: restool resources compile success.

[2026-03-24T13:09:50.607] [DEBUG] debug-file - Info: thread pool is stopped

[2026-03-24T13:09:50.608] [DEBUG] debug-file - entry : default@CompileResource cost memory 2.9272918701171875
[2026-03-24T13:09:50.608] [DEBUG] debug-file - runTaskFromQueue task cost before running: 832 ms 
[2026-03-24T13:09:50.609] [DEBUG] debug-file - jsonObjWithoutParam {} at undefined
[2026-03-24T13:09:50.610] [DEBUG] debug-file - Executing task :entry:default@DoNativeStrip
[2026-03-24T13:09:50.609] [INFO] debug-file - Finished :entry:default@CompileResource... after 42 ms 
[2026-03-24T13:09:50.609] [DEBUG] debug-file - jsonObjWithoutParam {"name":"entry","version":"1.0.0","description":"Please describe the basic information.","main":"","author":"","license":"","dependencies":{}} at undefined
[2026-03-24T13:09:50.610] [DEBUG] debug-file - Task 'entry:default@DoNativeStrip' cost while wrapping incremental declarations: 1 ms 
[2026-03-24T13:09:50.610] [DEBUG] debug-file - jsonObjWithoutParam {} at undefined
[2026-03-24T13:09:50.610] [DEBUG] debug-file - jsonObjWithoutParam {"name":"entry","version":"1.0.0","description":"Please describe the basic information.","main":"","author":"","license":"","dependencies":{}} at undefined
[2026-03-24T13:09:50.611] [DEBUG] debug-file - entry : default@DoNativeStrip cost memory 0.08264923095703125
[2026-03-24T13:09:50.612] [DEBUG] debug-file - jsonObjWithoutParam {} at undefined
[2026-03-24T13:09:50.612] [DEBUG] debug-file - Executing task :entry:default@CompileArkTS
[2026-03-24T13:09:50.618] [DEBUG] debug-file - build config:
[2026-03-24T13:09:50.611] [DEBUG] debug-file - runTaskFromQueue task cost before running: 834 ms 
[2026-03-24T13:09:50.612] [DEBUG] debug-file - jsonObjWithoutParam {"name":"entry","version":"1.0.0","description":"Please describe the basic information.","main":"","author":"","license":"","dependencies":{}} at undefined
[2026-03-24T13:09:50.613] [DEBUG] debug-file - obfuscationOptions: undefined
[2026-03-24T13:09:50.619] [DEBUG] debug-file - {
  moduleType: 'entry',
  perf: 0,
  targetName: '.default',
  packageManagerType: 'ohpm',
  localPropertiesPath: '/home/pc/Desktop/benchmarks/mobile/harmony/oxo-harmony-ben1/src/local.properties',
  isPreview: false,
  isOhosTest: false,
  isLocalTest: false,
  buildMode: 'Debug',
  watchMode: 'false',
  aceProfilePath: '/home/pc/Desktop/benchmarks/mobile/harmony/oxo-harmony-ben1/src/entry/build/default/intermediates/res/default/resources/base/profile',
  etsLoaderPath: '/home/pc/setup-ohos-sdk/linux/20/ets/build-tools/ets-loader',
  modulePath: '/home/pc/Desktop/benchmarks/mobile/harmony/oxo-harmony-ben1/src/entry',
  testFrameworkPar: {
    testMode: undefined,
    coveragePathFilter: undefined,
    coverageMode: undefined
  },
  needCoverageInsert: false,
  debugLine: false,
  projectTopDir: '/home/pc/Desktop/benchmarks/mobile/harmony/oxo-harmony-ben1/src',
  compileSdkVersion: 20,
  compatibleSdkVersion: 20,
  compatibleSdkVersionStage: undefined,
  bundleName: 'c***p',
  etsLoaderVersion: '6.0.0.47',
  etsLoaderReleaseType: 'Beta1',
  aotCompileMode: 'type',
  apPath: '/home/pc/Desktop/benchmarks/mobile/harmony/oxo-harmony-ben1/src/entry/modules.ap',
  entryModuleName: 'entry',
  entryModuleVersion: '1.0.0',
  entryPackageName: 'entry',
  allModuleNameHash: 'ef8f36b25d6f2c7ca9119c95b385f049',
  externalApiPaths: [],
  compilerTypes: undefined,
  isCrossplatform: false,
  hvigorPluginFile: undefined,
  compilePluginPath: undefined,
  buildGeneratedProfilePath: '/home/pc/Desktop/benchmarks/mobile/harmony/oxo-harmony-ben1/src/entry/build/default/generated/profile/default',
  bundleType: 'app',
  arkTSVersion: undefined,
  apiVersion: 20,
  needCompleteSourcesMap: false,
  isFaMode: false,
  strictMode: undefined,
  buildDir: '/home/pc/Desktop/benchmarks/mobile/harmony/oxo-harmony-ben1/src/entry/build',
  deviceTypes: [ 'default' ],
  useNormalizedOHMUrl: false,
  pkgContextInfo: undefined,
  ohPackagePathMap: {},
  dependencyAliasMap: {},
  permission: { requestPermissions: undefined, definePermissions: undefined },
  integratedHsp: false,
  projectArkOption: undefined,
  sourceMapDir: undefined,
  branchElimination: false,
  transformLib: undefined,
  caseSensitiveCheck: false,
  tsImportSendable: false,
  resolveConflictMode: true,
  depName2RootPath: {},
  depName2DepInfo: {},
  rootPathSet: [ '/home/pc/Desktop/benchmarks/mobile/harmony/oxo-harmony-ben1/src' ],
  useNativeResolver: true,
  shouldEmitJs: true,
  useTscResolve: false,
  singleFileEmit: false,
  userProjectConfig: {
    autoLazyImport: false,
    allowEmptyBundleName: false,
    reExportCheckMode: 'noCheck'
  },
  autoLazyImport: false,
  allowEmptyBundleName: false,
  reExportCheckMode: 'noCheck',
  arkCompileCachePath: '/home/pc/Desktop/benchmarks/mobile/harmony/oxo-harmony-ben1/src/entry/build/default/cache/default/default@CompileArkTS/esmodule',
  aceModuleJsonPath: '/home/pc/Desktop/benchmarks/mobile/harmony/oxo-harmony-ben1/src/entry/build/default/intermediates/res/default/ark_module.json',
  appResource: '/home/pc/Desktop/benchmarks/mobile/harmony/oxo-harmony-ben1/src/entry/build/default/intermediates/res/default/ResourceTable.txt',
  rawFileResource: '/home/pc/Desktop/benchmarks/mobile/harmony/oxo-harmony-ben1/src/entry/build/default/intermediates/res/default/resources/rawfile',
  resourceTableHash: '5601ce2ca8bcaaedbb03c35632b8080a',
  runtimeOS: 'OpenHarmony',
  sdkInfo: 'true:20:6.0.0.47:Beta1',
  aceModuleRoot: '/home/pc/Desktop/benchmarks/mobile/harmony/oxo-harmony-ben1/src/entry/src/main/ets',
  compileMode: 'esmodule',
  aceSuperVisualPath: '/home/pc/Desktop/benchmarks/mobile/harmony/oxo-harmony-ben1/src/entry/src/main/supervisual',
  aceBuildJson: '/home/pc/Desktop/benchmarks/mobile/harmony/oxo-harmony-ben1/src/entry/build/default/intermediates/loader/default/loader.json',
  cachePath: '/home/pc/Desktop/benchmarks/mobile/harmony/oxo-harmony-ben1/src/entry/build/default/cache/default/default@CompileArkTS/esmodule/debug',
  aceModuleBuild: '/home/pc/Desktop/benchmarks/mobile/harmony/oxo-harmony-ben1/src/entry/build/default/intermediates/loader_out/default/ets',
  supportChunks: true,
  declaredFilesPath: undefined,
  pkgNameToPkgBriefInfo: {
    entry: {
      pkgRoot: '/home/pc/Desktop/benchmarks/mobile/harmony/oxo-harmony-ben1/src/entry',
      originalSourceRoots: undefined,
      sourceRoots: [Array],
      pkgName: 'entry'
    }
  },
  projectModel: {
    '/home/pc/Desktop/benchmarks/mobile/harmony/oxo-harmony-ben1/src/entry/src/main': {
      moduleName: 'entry',
      modulePkgPath: '/home/pc/Desktop/benchmarks/mobile/harmony/oxo-harmony-ben1/src/entry',
      belongProjectPath: '/home/pc/Desktop/benchmarks/mobile/harmony/oxo-harmony-ben1/src'
    },
    '/home/pc/Desktop/benchmarks/mobile/harmony/oxo-harmony-ben1/src/entry/build/default/intermediates/src/ohosTest/ets': {
      moduleName: 'entry_test',
      modulePkgPath: '/home/pc/Desktop/benchmarks/mobile/harmony/oxo-harmony-ben1/src/entry',
      belongProjectPath: '/home/pc/Desktop/benchmarks/mobile/harmony/oxo-harmony-ben1/src'
    },
    '/home/pc/Desktop/benchmarks/mobile/harmony/oxo-harmony-ben1/src/entry/src/ohosTest': {
      moduleName: 'entry_test',
      modulePkgPath: '/home/pc/Desktop/benchmarks/mobile/harmony/oxo-harmony-ben1/src/entry',
      belongProjectPath: '/home/pc/Desktop/benchmarks/mobile/harmony/oxo-harmony-ben1/src'
    },
    '/home/pc/Desktop/benchmarks/mobile/harmony/oxo-harmony-ben1/src/entry': {
      moduleName: 'entry',
      modulePkgPath: '/home/pc/Desktop/benchmarks/mobile/harmony/oxo-harmony-ben1/src/entry',
      belongProjectPath: '/home/pc/Desktop/benchmarks/mobile/harmony/oxo-harmony-ben1/src'
    },
    '/home/pc/Desktop/benchmarks/mobile/harmony/oxo-harmony-ben1/src': {
      moduleName: 'src',
      modulePkgPath: '/home/pc/Desktop/benchmarks/mobile/harmony/oxo-harmony-ben1/src',
      belongProjectPath: '/home/pc/Desktop/benchmarks/mobile/harmony/oxo-harmony-ben1/src'
    }
  },
  pkgJsonFileHash: '6c602a50e03e07a4d619d510cd07bc39',
  allModulePaths: [
    '/home/pc/Desktop/benchmarks/mobile/harmony/oxo-harmony-ben1/src/entry'
  ],
  routerMap: {},
  obfuscationOptions: undefined,
  compileBlockPkg: [],
  mockParams: {
    decorator: '@MockSetup',
    packageName: '@ohos/hamock',
    etsSourceRootPath: 'src/main/ets',
    mockConfigPath: '/home/pc/Desktop/benchmarks/mobile/harmony/oxo-harmony-ben1/src/entry/src/mock/mock-config.json5',
    mockConfigKey2ModuleInfo: {}
  },
  copyCodeResourceEnable: false,
  copyCodeResourceExcludes: [],
  uiTransformOptimization: false,
  otherPaths: {
    'entry/*': [ '../*', '../../../build/default/generated/profile/default/*' ]
  },
  collectImportersConfig: undefined
}
[2026-03-24T13:09:50.611] [INFO] debug-file - Finished :entry:default@DoNativeStrip... after 1 ms 
[2026-03-24T13:09:50.619] [DEBUG] debug-file - Task entry:default@CompileArkTS's work:1 will not be executed in worker pool.
[2026-03-24T13:09:50.619] [DEBUG] debug-file - Worker dispatch failed, running ark compile on main thread.
[2026-03-24T13:09:52.787] [DEBUG] debug-file - Ark compile task finished.finished time is 7038715497506
[2026-03-24T13:09:52.788] [INFO] debug-file - Finished :entry:default@CompileArkTS... after 2 s 175 ms 
[2026-03-24T13:09:52.789] [DEBUG] debug-file - jsonObjWithoutParam {} at undefined
[2026-03-24T13:09:52.789] [DEBUG] debug-file - Executing task :entry:default@BuildJS
[2026-03-24T13:09:52.791] [DEBUG] debug-file - entry : default@BuildJS cost memory 0.36760711669921875
[2026-03-24T13:09:52.791] [DEBUG] debug-file - jsonObjWithoutParam {} at undefined
[2026-03-24T13:09:52.792] [DEBUG] debug-file - Executing task :entry:default@CacheNativeLibs
[2026-03-24T13:09:52.792] [DEBUG] debug-file - Worker dispatch failed, running cacheNativeLibs on main thread.
[2026-03-24T13:09:52.787] [DEBUG] debug-file - entry : default@CompileArkTS cost memory 167.16009521484375
[2026-03-24T13:09:52.789] [DEBUG] debug-file - jsonObjWithoutParam {"name":"entry","version":"1.0.0","description":"Please describe the basic information.","main":"","author":"","license":"","dependencies":{}} at undefined
[2026-03-24T13:09:52.791] [DEBUG] debug-file - runTaskFromQueue task cost before running: 3 s 14 ms 
[2026-03-24T13:09:52.791] [DEBUG] debug-file - jsonObjWithoutParam {"name":"entry","version":"1.0.0","description":"Please describe the basic information.","main":"","author":"","license":"","dependencies":{}} at undefined
[2026-03-24T13:09:52.792] [DEBUG] debug-file - Task 'entry:default@CacheNativeLibs' cost while wrapping incremental declarations: 1 ms 
[2026-03-24T13:09:52.793] [DEBUG] debug-file - entry : default@CacheNativeLibs cost memory 0.24469757080078125
[2026-03-24T13:09:52.787] [DEBUG] debug-file - runTaskFromQueue task cost before running: 3 s 11 ms 
[2026-03-24T13:09:52.791] [INFO] debug-file - Finished :entry:default@BuildJS... after 2 ms 
[2026-03-24T13:09:52.792] [DEBUG] debug-file - jsonObjWithoutParam {} at undefined
[2026-03-24T13:09:52.793] [DEBUG] debug-file - runTaskFromQueue task cost before running: 3 s 17 ms 
[2026-03-24T13:09:52.794] [DEBUG] debug-file - jsonObjWithoutParam {} at undefined
[2026-03-24T13:09:52.796] [DEBUG] debug-file - jsonObjWithoutParam {} at undefined
[2026-03-24T13:09:52.796] [DEBUG] debug-file - Executing task :entry:default@PackageHap
[2026-03-24T13:09:52.797] [DEBUG] debug-file - jsonObjWithoutParam {} at undefined
[2026-03-24T13:09:52.799] [DEBUG] debug-file - Use tool [/home/pc/setup-ohos-sdk/linux/20/toolchains/lib/app_packing_tool.jar]
 [
  'java',
  '-Dfile.encoding=utf-8',
  '-jar',
  '/home/pc/setup-ohos-sdk/linux/20/toolchains/lib/app_packing_tool.jar',
  '--mode',
  'hap',
  '--force',
  'true',
  '--lib-path',
  '/home/pc/Desktop/benchmarks/mobile/harmony/oxo-harmony-ben1/src/entry/build/default/intermediates/stripped_native_libs/default',
  '--json-path',
  '/home/pc/Desktop/benchmarks/mobile/harmony/oxo-harmony-ben1/src/entry/build/default/intermediates/package/default/module.json',
  '--resources-path',
  '/home/pc/Desktop/benchmarks/mobile/harmony/oxo-harmony-ben1/src/entry/build/default/intermediates/res/default/resources',
  '--index-path',
  '/home/pc/Desktop/benchmarks/mobile/harmony/oxo-harmony-ben1/src/entry/build/default/intermediates/res/default/resources.index',
  '--pack-info-path',
  '/home/pc/Desktop/benchmarks/mobile/harmony/oxo-harmony-ben1/src/entry/build/default/outputs/default/pack.info',
  '--out-path',
  '/home/pc/Desktop/benchmarks/mobile/harmony/oxo-harmony-ben1/src/entry/build/default/outputs/default/entry-default-unsigned.hap',
  '--rpcid-path',
  '/home/pc/Desktop/benchmarks/mobile/harmony/oxo-harmony-ben1/src/entry/build/default/intermediates/syscap/default/rpcid.sc',
  '--ets-path',
  '/home/pc/Desktop/benchmarks/mobile/harmony/oxo-harmony-ben1/src/entry/build/default/intermediates/loader_out/default/ets'
]
[2026-03-24T13:09:52.802] [DEBUG] debug-file - java daemon socket close code:1006 reason:
[2026-03-24T13:09:52.792] [DEBUG] debug-file - jsonObjWithoutParam {"name":"entry","version":"1.0.0","description":"Please describe the basic information.","main":"","author":"","license":"","dependencies":{}} at undefined
[2026-03-24T13:09:52.793] [INFO] debug-file - Finished :entry:default@CacheNativeLibs... after 2 ms 
[2026-03-24T13:09:52.794] [DEBUG] debug-file - jsonObjWithoutParam {"name":"entry","version":"1.0.0","description":"Please describe the basic information.","main":"","author":"","license":"","dependencies":{}} at undefined
[2026-03-24T13:09:52.796] [DEBUG] debug-file - jsonObjWithoutParam {"name":"entry","version":"1.0.0","description":"Please describe the basic information.","main":"","author":"","license":"","dependencies":{}} at undefined
[2026-03-24T13:09:52.797] [DEBUG] debug-file - jsonObjWithoutParam {"name":"entry","version":"1.0.0","description":"Please describe the basic information.","main":"","author":"","license":"","dependencies":{}} at undefined
[2026-03-24T13:09:52.802] [DEBUG] debug-file - java daemon remote pack failed: connect ECONNREFUSED 127.0.0.1:45050. fallback to local java -jar pack
[2026-03-24T13:09:52.803] [DEBUG] debug-file - Task entry:default@PackageHap's work:3 will not be executed in worker pool.
[2026-03-24T13:09:52.803] [DEBUG] debug-file - current process  memoryUsage: {
  rss: 550928384,
  heapTotal: 406413312,
  heapUsed: 320359704,
  external: 3384818,
  arrayBuffers: 453280
} os memoryUsage :11.77786636352539
[2026-03-24T13:09:52.792] [DEBUG] debug-file - Task entry:default@CacheNativeLibs's work:2 will not be executed in worker pool.
[2026-03-24T13:09:52.794] [DEBUG] debug-file - Executing task :entry:default@GeneratePkgModuleJson
[2026-03-24T13:09:52.794] [DEBUG] debug-file - Task 'entry:default@GeneratePkgModuleJson' cost while wrapping incremental declarations: 1 ms 
[2026-03-24T13:09:52.794] [DEBUG] debug-file - jsonObjWithoutParam {} at undefined
[2026-03-24T13:09:52.794] [DEBUG] debug-file - jsonObjWithoutParam {"name":"entry","version":"1.0.0","description":"Please describe the basic information.","main":"","author":"","license":"","dependencies":{}} at undefined
[2026-03-24T13:09:52.794] [DEBUG] debug-file - entry : default@GeneratePkgModuleJson cost memory 0.05757904052734375
[2026-03-24T13:09:52.794] [DEBUG] debug-file - runTaskFromQueue task cost before running: 3 s 18 ms 
[2026-03-24T13:09:52.794] [INFO] debug-file - Finished :entry:default@GeneratePkgModuleJson... after 1 ms 
[2026-03-24T13:09:52.960] [DEBUG] debug-file - entry : default@PackageHap cost memory -8.881187438964844
[2026-03-24T13:09:52.960] [DEBUG] debug-file - runTaskFromQueue task cost before running: 3 s 183 ms 
[2026-03-24T13:09:52.961] [DEBUG] debug-file - jsonObjWithoutParam {} at undefined
[2026-03-24T13:09:52.962] [DEBUG] debug-file - Executing task :entry:default@SignHap
[2026-03-24T13:09:52.969] [DEBUG] debug-file - current process  memoryUsage: {
  rss: 550928384,
  heapTotal: 406413312,
  heapUsed: 311086832,
  external: 3047626,
  arrayBuffers: 116056
} os memoryUsage :11.768211364746094
[2026-03-24T13:09:52.960] [INFO] debug-file - Finished :entry:default@PackageHap... after 164 ms 
[2026-03-24T13:09:52.961] [DEBUG] debug-file - jsonObjWithoutParam {"name":"entry","version":"1.0.0","description":"Please describe the basic information.","main":"","author":"","license":"","dependencies":{}} at undefined
[2026-03-24T13:09:52.962] [DEBUG] debug-file - jsonObjWithoutParam {} at undefined
[2026-03-24T13:09:52.962] [DEBUG] debug-file - jsonObjWithoutParam {"name":"entry","version":"1.0.0","description":"Please describe the basic information.","main":"","author":"","license":"","dependencies":{}} at undefined
[2026-03-24T13:09:53.198] [DEBUG] debug-file - 03-24 13:09:53.197  INFO - Start verify-profile

[2026-03-24T13:09:53.256] [DEBUG] debug-file - 03-24 13:09:53.256  INFO - verify-profile success

[2026-03-24T13:09:53.262] [DEBUG] debug-file - current process  memoryUsage: {
  rss: 550928384,
  heapTotal: 406413312,
  heapUsed: 311564800,
  external: 3047738,
  arrayBuffers: 116168
} os memoryUsage :11.756397247314453
[2026-03-24T13:09:53.482] [DEBUG] debug-file - 03-24 13:09:53.482  INFO - Start sign-app

[2026-03-24T13:09:53.553] [DEBUG] debug-file - 03-24 13:09:53.553  INFO - certificate in profile: OpenHarmony Application Profile Release

[2026-03-24T13:09:53.566] [DEBUG] debug-file - 03-24 13:09:53.566  INFO - Start to sign code.

[2026-03-24T13:09:53.570] [DEBUG] debug-file - 03-24 13:09:53.570  INFO - profile type is: release

[2026-03-24T13:09:53.581] [DEBUG] debug-file - 03-24 13:09:53.580  INFO - /home/pc/Desktop/benchmarks/mobile/harmony/oxo-harmony-ben1/src/signatures/OpenHarmony.p12 is exist. Try to load it with given passwd

[2026-03-24T13:09:53.662] [DEBUG] debug-file - 03-24 13:09:53.662  INFO - Create a sign info successfully.

[2026-03-24T13:09:53.668] [DEBUG] debug-file - 03-24 13:09:53.667  INFO - Create a sign info successfully.

[2026-03-24T13:09:53.670] [DEBUG] debug-file - 03-24 13:09:53.670  INFO - No native libs.

[2026-03-24T13:09:53.671] [DEBUG] debug-file - 03-24 13:09:53.671  INFO - Sign successfully.

[2026-03-24T13:09:53.676] [DEBUG] debug-file - 03-24 13:09:53.675  INFO - Add sign data in sign info list success.

[2026-03-24T13:09:53.677] [DEBUG] debug-file - 03-24 13:09:53.677  INFO - Generate signing block success, begin write it to output file

[2026-03-24T13:09:53.678] [DEBUG] debug-file - 03-24 13:09:53.678  INFO - Sign Hap success!

[2026-03-24T13:09:53.678] [DEBUG] debug-file - 03-24 13:09:53.678  INFO - sign-app success

[2026-03-24T13:09:53.695] [DEBUG] debug-file - entry : default@SignHap cost memory 1.355804443359375
[2026-03-24T13:09:53.696] [DEBUG] debug-file - runTaskFromQueue task cost before running: 3 s 919 ms 
[2026-03-24T13:09:53.697] [DEBUG] debug-file - jsonObjWithoutParam {} at undefined
[2026-03-24T13:09:53.700] [DEBUG] debug-file - BUILD SUCCESSFUL in 3 s 923 ms 
[2026-03-24T13:09:53.697] [DEBUG] debug-file - Executing task :entry:default@CollectDebugSymbol
[2026-03-24T13:09:53.705] [DEBUG] debug-file - Update task entry:default@CompileArkTS output file:/home/pc/Desktop/benchmarks/mobile/harmony/oxo-harmony-ben1/src/entry/build/default/intermediates/loader_out/default/ets cache.
[2026-03-24T13:09:53.698] [DEBUG] debug-file - Executing task :entry:assembleHap
[2026-03-24T13:09:53.705] [DEBUG] debug-file - Update task entry:default@BuildJS output file:/home/pc/Desktop/benchmarks/mobile/harmony/oxo-harmony-ben1/src/entry/build/default/intermediates/loader_out/default/js cache.
[2026-03-24T13:09:53.696] [INFO] debug-file - Finished :entry:default@SignHap... after 734 ms 
[2026-03-24T13:09:53.697] [DEBUG] debug-file - jsonObjWithoutParam {"name":"entry","version":"1.0.0","description":"Please describe the basic information.","main":"","author":"","license":"","dependencies":{}} at undefined
[2026-03-24T13:09:53.700] [DEBUG] debug-file - Update task entry:default@PreBuild input file:/home/pc/Desktop/benchmarks/mobile/harmony/oxo-harmony-ben1/src/AppScope/app.json5 cache by regenerate.
[2026-03-24T13:09:53.698] [DEBUG] debug-file - jsonObjWithoutParam {} at undefined
[2026-03-24T13:09:53.705] [DEBUG] debug-file - Incremental task entry:default@CompileArkTS post-execution cost:1 ms .
[2026-03-24T13:09:53.699] [DEBUG] debug-file - entry : assembleHap cost memory 0.017333984375
[2026-03-24T13:09:53.705] [DEBUG] debug-file - Incremental task entry:default@BuildJS post-execution cost:1 ms .
[2026-03-24T13:09:53.701] [DEBUG] debug-file - Update task entry:default@PreBuild input file:/home/pc/Desktop/benchmarks/mobile/harmony/oxo-harmony-ben1/src/entry/src/main/module.json5 cache by regenerate.
[2026-03-24T13:09:53.698] [DEBUG] debug-file - jsonObjWithoutParam {"name":"entry","version":"1.0.0","description":"Please describe the basic information.","main":"","author":"","license":"","dependencies":{}} at undefined
[2026-03-24T13:09:53.705] [DEBUG] debug-file - Update task entry:default@BuildJS input file:/home/pc/Desktop/benchmarks/mobile/harmony/oxo-harmony-ben1/src/entry/build/default/intermediates/loader/default cache by regenerate.
[2026-03-24T13:09:53.699] [DEBUG] debug-file - runTaskFromQueue task cost before running: 3 s 922 ms 
[2026-03-24T13:09:53.705] [DEBUG] debug-file - Update task entry:default@CacheNativeLibs input file:/home/pc/Desktop/benchmarks/mobile/harmony/oxo-harmony-ben1/src/entry/build/default/intermediates/stripped_native_libs/default cache by regenerate.
[2026-03-24T13:09:53.701] [DEBUG] debug-file - Update task entry:default@PreBuild input file:/home/pc/Desktop/benchmarks/mobile/harmony/oxo-harmony-ben1/src/build-profile.json5 cache by regenerate.
[2026-03-24T13:09:53.698] [DEBUG] debug-file - entry : default@CollectDebugSymbol cost memory 0.18996429443359375
[2026-03-24T13:09:53.705] [DEBUG] debug-file - Update task entry:default@BuildJS input file:/home/pc/Desktop/benchmarks/mobile/harmony/oxo-harmony-ben1/src/entry/build/default/intermediates/res/default/ResourceTable.txt cache by regenerate.
[2026-03-24T13:09:53.699] [INFO] debug-file - Finished :entry:assembleHap... after 1 ms 
[2026-03-24T13:09:53.706] [DEBUG] debug-file - Update task entry:default@CacheNativeLibs input file:/home/pc/Desktop/benchmarks/mobile/harmony/oxo-harmony-ben1/src/entry/build/default/intermediates/libs/default cache by regenerate.
[2026-03-24T13:09:53.701] [DEBUG] debug-file - Update task entry:default@PreBuild input file:/home/pc/Desktop/benchmarks/mobile/harmony/oxo-harmony-ben1/src/entry/build-profile.json5 cache by regenerate.
[2026-03-24T13:09:53.698] [DEBUG] debug-file - runTaskFromQueue task cost before running: 3 s 921 ms 
[2026-03-24T13:09:53.705] [DEBUG] debug-file - Update task entry:default@BuildJS input file:/home/pc/Desktop/benchmarks/mobile/harmony/oxo-harmony-ben1/src/entry/build/default/intermediates/res/default/ark_module.json cache by regenerate.
[2026-03-24T13:09:53.706] [DEBUG] debug-file - Update task entry:default@CacheNativeLibs output file:/home/pc/Desktop/benchmarks/mobile/harmony/oxo-harmony-ben1/src/entry/build/default/intermediates/patch/default/base_native_libs.json cache.
[2026-03-24T13:09:53.701] [DEBUG] debug-file - Update task entry:default@PreBuild input file:/home/pc/Desktop/benchmarks/mobile/harmony/oxo-harmony-ben1/src/entry/src/main/resources/base/profile/main_pages.json cache by regenerate.
[2026-03-24T13:09:53.698] [INFO] debug-file - Finished :entry:default@CollectDebugSymbol... after 1 ms 
[2026-03-24T13:09:53.705] [DEBUG] debug-file - Update task entry:default@BuildJS input file:/home/pc/Desktop/benchmarks/mobile/harmony/oxo-harmony-ben1/src/entry/build/default/intermediates/res/default/resources/base/profile cache by regenerate.
[2026-03-24T13:09:53.706] [DEBUG] debug-file - Incremental task entry:default@CacheNativeLibs post-execution cost:1 ms .
[2026-03-24T13:09:53.701] [DEBUG] debug-file - Update task entry:default@PreBuild input file:/home/pc/Desktop/benchmarks/mobile/harmony/oxo-harmony-ben1/src/hvigor/hvigor-config.json5 cache by regenerate.
[2026-03-24T13:09:53.706] [DEBUG] debug-file - Update task entry:default@GeneratePkgModuleJson input file:/home/pc/Desktop/benchmarks/mobile/harmony/oxo-harmony-ben1/src/entry/build/default/intermediates/res/default/module.json cache by regenerate.
[2026-03-24T13:09:53.701] [DEBUG] debug-file - Update task entry:default@PreBuild input file:/home/pc/Desktop/benchmarks/mobile/harmony/oxo-harmony-ben1/src/entry/src/mock/mock-config.json5 cache by regenerate.
[2026-03-24T13:09:53.706] [DEBUG] debug-file - Update task entry:default@GeneratePkgModuleJson output file:/home/pc/Desktop/benchmarks/mobile/harmony/oxo-harmony-ben1/src/entry/build/default/intermediates/package/default/module.json cache.
[2026-03-24T13:09:53.701] [DEBUG] debug-file - Update task entry:default@PreBuild input file:/home/pc/Desktop/benchmarks/mobile/harmony/oxo-harmony-ben1/src/entry/oh-package.json5 cache by regenerate.
[2026-03-24T13:09:53.706] [DEBUG] debug-file - Incremental task entry:default@GeneratePkgModuleJson post-execution cost:1 ms .
[2026-03-24T13:09:53.701] [DEBUG] debug-file - Update task entry:default@PreBuild input file:/home/pc/Desktop/benchmarks/mobile/harmony/oxo-harmony-ben1/src/oh-package.json5 cache by regenerate.
[2026-03-24T13:09:53.706] [DEBUG] debug-file - Update task entry:default@PackageHap input file:/home/pc/Desktop/benchmarks/mobile/harmony/oxo-harmony-ben1/src/entry/build/default/intermediates/stripped_native_libs/default cache by regenerate.
[2026-03-24T13:09:53.701] [DEBUG] debug-file - Incremental task entry:default@PreBuild post-execution cost:1 ms .
[2026-03-24T13:09:53.706] [DEBUG] debug-file - Update task entry:default@PackageHap input file:/home/pc/Desktop/benchmarks/mobile/harmony/oxo-harmony-ben1/src/entry/build/default/intermediates/res/default/module.json cache by regenerate.
[2026-03-24T13:09:53.701] [DEBUG] debug-file - Update task entry:default@CreateModuleInfo output file:/home/pc/Desktop/benchmarks/mobile/harmony/oxo-harmony-ben1/src/entry/build/default/generated/profile/default/ModuleInfo.ts cache.
[2026-03-24T13:09:53.706] [DEBUG] debug-file - Update task entry:default@PackageHap input file:/home/pc/Desktop/benchmarks/mobile/harmony/oxo-harmony-ben1/src/entry/build/default/intermediates/res/default/resources cache by regenerate.
[2026-03-24T13:09:53.701] [DEBUG] debug-file - Incremental task entry:default@CreateModuleInfo post-execution cost:1 ms .
[2026-03-24T13:09:53.706] [DEBUG] debug-file - Update task entry:default@PackageHap input file:/home/pc/Desktop/benchmarks/mobile/harmony/oxo-harmony-ben1/src/entry/build/default/intermediates/res/default/resources.index cache by regenerate.
[2026-03-24T13:09:53.701] [DEBUG] debug-file - Update task entry:default@GenerateMetadata input file:/home/pc/Desktop/benchmarks/mobile/harmony/oxo-harmony-ben1/src/entry/src/main/module.json5 cache by regenerate.
[2026-03-24T13:09:53.706] [DEBUG] debug-file - Update task entry:default@PackageHap input file:/home/pc/Desktop/benchmarks/mobile/harmony/oxo-harmony-ben1/src/entry/build/default/outputs/default/pack.info cache by regenerate.
[2026-03-24T13:09:53.701] [DEBUG] debug-file - Update task entry:default@GenerateMetadata output file:/home/pc/Desktop/benchmarks/mobile/harmony/oxo-harmony-ben1/src/entry/build/default/intermediates/hap_metadata/default/output_metadata.json cache.
[2026-03-24T13:09:53.706] [DEBUG] debug-file - Update task entry:default@PackageHap input file:/home/pc/Desktop/benchmarks/mobile/harmony/oxo-harmony-ben1/src/entry/build/default/intermediates/syscap/default/rpcid.sc cache by regenerate.
[2026-03-24T13:09:53.701] [DEBUG] debug-file - Incremental task entry:default@GenerateMetadata post-execution cost:1 ms .
[2026-03-24T13:09:53.706] [DEBUG] debug-file - Update task entry:default@PackageHap input file:/home/pc/Desktop/benchmarks/mobile/harmony/oxo-harmony-ben1/src/entry/build/default/intermediates/loader_out/default/ets cache by regenerate.
[2026-03-24T13:09:53.701] [DEBUG] debug-file - Update task entry:default@MergeProfile input file:/home/pc/Desktop/benchmarks/mobile/harmony/oxo-harmony-ben1/src/AppScope/app.json5 cache by regenerate.
[2026-03-24T13:09:53.706] [DEBUG] debug-file - Update task entry:default@PackageHap input file:/home/pc/Desktop/benchmarks/mobile/harmony/oxo-harmony-ben1/src/entry/build/default/intermediates/loader_out/default/ets/sourceMaps.map cache by regenerate.
[2026-03-24T13:09:53.701] [DEBUG] debug-file - Update task entry:default@MergeProfile input file:/home/pc/Desktop/benchmarks/mobile/harmony/oxo-harmony-ben1/src/build-profile.json5 cache by regenerate.
[2026-03-24T13:09:53.706] [DEBUG] debug-file - Update task entry:default@PackageHap input file:/home/pc/Desktop/benchmarks/mobile/harmony/oxo-harmony-ben1/src/entry/build/default/generated/profile/default/BuildProfile.ets cache by regenerate.
[2026-03-24T13:09:53.701] [DEBUG] debug-file - Update task entry:default@MergeProfile input file:/home/pc/Desktop/benchmarks/mobile/harmony/oxo-harmony-ben1/src/entry/src/main/module.json5 cache by regenerate.
[2026-03-24T13:09:53.706] [DEBUG] debug-file - Update task entry:default@PackageHap output file:/home/pc/Desktop/benchmarks/mobile/harmony/oxo-harmony-ben1/src/entry/build/default/outputs/default/entry-default-unsigned.hap cache.
[2026-03-24T13:09:53.701] [DEBUG] debug-file - Update task entry:default@MergeProfile output file:/home/pc/Desktop/benchmarks/mobile/harmony/oxo-harmony-ben1/src/entry/build/default/intermediates/merge_profile/default/module.json cache.
[2026-03-24T13:09:53.706] [DEBUG] debug-file - Update task entry:default@PackageHap output file:/home/pc/Desktop/benchmarks/mobile/harmony/oxo-harmony-ben1/src/entry/build/default/intermediates/source_map/default/sourceMaps.map cache.
[2026-03-24T13:09:53.701] [DEBUG] debug-file - Incremental task entry:default@MergeProfile post-execution cost:1 ms .
[2026-03-24T13:09:53.706] [DEBUG] debug-file - Update task entry:default@PackageHap output file:/home/pc/Desktop/benchmarks/mobile/harmony/oxo-harmony-ben1/src/entry/build/default/outputs/default/mapping/sourceMaps.map cache.
[2026-03-24T13:09:53.701] [DEBUG] debug-file - Update task entry:default@CreateBuildProfile input file:/home/pc/Desktop/benchmarks/mobile/harmony/oxo-harmony-ben1/src/AppScope/app.json5 cache by regenerate.
[2026-03-24T13:09:53.706] [DEBUG] debug-file - Incremental task entry:default@PackageHap post-execution cost:1 ms .
[2026-03-24T13:09:53.701] [DEBUG] debug-file - Update task entry:default@CreateBuildProfile input file:/home/pc/Desktop/benchmarks/mobile/harmony/oxo-harmony-ben1/src/build-profile.json5 cache by regenerate.
[2026-03-24T13:09:53.706] [DEBUG] debug-file - Update task entry:default@SignHap input file:/home/pc/Desktop/benchmarks/mobile/harmony/oxo-harmony-ben1/src/signatures/OpenHarmonyProfileRelease.pem cache by regenerate.
[2026-03-24T13:09:53.701] [DEBUG] debug-file - Update task entry:default@CreateBuildProfile output file:/home/pc/Desktop/benchmarks/mobile/harmony/oxo-harmony-ben1/src/entry/build/default/generated/profile/default/BuildProfile.ets cache.
[2026-03-24T13:09:53.706] [DEBUG] debug-file - Update task entry:default@SignHap input file:/home/pc/Desktop/benchmarks/mobile/harmony/oxo-harmony-ben1/src/signatures/app1-profile.p7b cache by regenerate.
[2026-03-24T13:09:53.701] [DEBUG] debug-file - Incremental task entry:default@CreateBuildProfile post-execution cost:1 ms .
[2026-03-24T13:09:53.706] [DEBUG] debug-file - Update task entry:default@SignHap input file:/home/pc/Desktop/benchmarks/mobile/harmony/oxo-harmony-ben1/src/signatures/OpenHarmony.p12 cache by regenerate.
[2026-03-24T13:09:53.701] [DEBUG] debug-file - Update task entry:default@GeneratePkgContextInfo output file:/home/pc/Desktop/benchmarks/mobile/harmony/oxo-harmony-ben1/src/entry/build/default/intermediates/loader/default/pkgContextInfo.json cache.
[2026-03-24T13:09:53.706] [DEBUG] debug-file - Update task entry:default@SignHap input file:/home/pc/Desktop/benchmarks/mobile/harmony/oxo-harmony-ben1/src/entry/build/default/outputs/default/entry-default-unsigned.hap cache by regenerate.
[2026-03-24T13:09:53.701] [DEBUG] debug-file - Incremental task entry:default@GeneratePkgContextInfo post-execution cost:1 ms .
[2026-03-24T13:09:53.706] [DEBUG] debug-file - Update task entry:default@SignHap output file:/home/pc/Desktop/benchmarks/mobile/harmony/oxo-harmony-ben1/src/entry/build/default/outputs/default/entry-default-signed.hap cache.
[2026-03-24T13:09:53.701] [DEBUG] debug-file - Update task entry:default@ProcessIntegratedHsp output file:/home/pc/Desktop/benchmarks/mobile/harmony/oxo-harmony-ben1/src/build/cache/default/integrated_hsp/integratedHspCache.json cache.
[2026-03-24T13:09:53.706] [DEBUG] debug-file - Incremental task entry:default@SignHap post-execution cost:1 ms .
[2026-03-24T13:09:53.702] [DEBUG] debug-file - Incremental task entry:default@ProcessIntegratedHsp post-execution cost:1 ms .
[2026-03-24T13:09:53.707] [DEBUG] debug-file - Update task entry:default@CollectDebugSymbol input file:/home/pc/Desktop/benchmarks/mobile/harmony/oxo-harmony-ben1/src/entry/build/default/intermediates/loader_out/default/ets/sourceMaps.map cache by regenerate.
[2026-03-24T13:09:53.702] [DEBUG] debug-file - Update task entry:default@MakePackInfo input file:/home/pc/Desktop/benchmarks/mobile/harmony/oxo-harmony-ben1/src/AppScope/app.json5 cache by regenerate.
[2026-03-24T13:09:53.707] [DEBUG] debug-file - Update task entry:default@CollectDebugSymbol input file:/home/pc/Desktop/benchmarks/mobile/harmony/oxo-harmony-ben1/src/entry/build/default/intermediates/libs/default cache by regenerate.
[2026-03-24T13:09:53.702] [DEBUG] debug-file - Update task entry:default@MakePackInfo input file:/home/pc/Desktop/benchmarks/mobile/harmony/oxo-harmony-ben1/src/entry/src/main/module.json5 cache by regenerate.
[2026-03-24T13:09:53.707] [DEBUG] debug-file - Update task entry:default@CollectDebugSymbol output file:/home/pc/Desktop/benchmarks/mobile/harmony/oxo-harmony-ben1/src/entry/build/default/outputs/default/symbol cache.
[2026-03-24T13:09:53.702] [DEBUG] debug-file - Update task entry:default@MakePackInfo input file:/home/pc/Desktop/benchmarks/mobile/harmony/oxo-harmony-ben1/src/build-profile.json5 cache by regenerate.
[2026-03-24T13:09:53.707] [DEBUG] debug-file - Incremental task entry:default@CollectDebugSymbol post-execution cost:1 ms .
[2026-03-24T13:09:53.702] [DEBUG] debug-file - Update task entry:default@MakePackInfo input file:/home/pc/Desktop/benchmarks/mobile/harmony/oxo-harmony-ben1/src/entry/src/main/resources/base/profile/backup_config.json cache by regenerate.
[2026-03-24T13:09:53.712] [DEBUG] debug-file - Current worker pool is stopped or closed.
[2026-03-24T13:09:53.702] [DEBUG] debug-file - Update task entry:default@MakePackInfo output file:/home/pc/Desktop/benchmarks/mobile/harmony/oxo-harmony-ben1/src/entry/build/default/outputs/default/pack.info cache.
[2026-03-24T13:09:53.712] [DEBUG] debug-file - Clear worker 0.
[2026-03-24T13:09:53.702] [DEBUG] debug-file - Incremental task entry:default@MakePackInfo post-execution cost:1 ms .
[2026-03-24T13:09:53.713] [DEBUG] debug-file - Worker 0 has been cleared.
[2026-03-24T13:09:53.702] [DEBUG] debug-file - Update task entry:default@SyscapTransform input file:/home/pc/setup-ohos-sdk/linux/20/toolchains/syscap_tool cache by regenerate.
[2026-03-24T13:09:53.713] [DEBUG] debug-file - Current idle worker size: 1.
[2026-03-24T13:09:53.702] [DEBUG] debug-file - Update task entry:default@SyscapTransform input file:/home/pc/setup-ohos-sdk/linux/20/ets/api/device-define cache by regenerate.
[2026-03-24T13:09:53.713] [DEBUG] debug-file - Current busy worker size: 0.
[2026-03-24T13:09:53.702] [DEBUG] debug-file - Update task entry:default@SyscapTransform output file:/home/pc/Desktop/benchmarks/mobile/harmony/oxo-harmony-ben1/src/entry/build/default/intermediates/syscap/default/rpcid.sc cache.
[2026-03-24T13:09:53.713] [DEBUG] debug-file - Clear worker 1.
[2026-03-24T13:09:53.702] [DEBUG] debug-file - Incremental task entry:default@SyscapTransform post-execution cost:1 ms .
[2026-03-24T13:09:53.713] [DEBUG] debug-file - Worker 1 has been cleared.
[2026-03-24T13:09:53.702] [DEBUG] debug-file - Update task entry:default@ProcessProfile input file:/home/pc/Desktop/benchmarks/mobile/harmony/oxo-harmony-ben1/src/entry/build/default/intermediates/merge_profile/default/module.json cache by regenerate.
[2026-03-24T13:09:53.713] [DEBUG] debug-file - Current idle worker size: 0.
[2026-03-24T13:09:53.702] [DEBUG] debug-file - Update task entry:default@ProcessProfile output file:/home/pc/Desktop/benchmarks/mobile/harmony/oxo-harmony-ben1/src/entry/build/default/intermediates/process_profile/default/module.json cache.
[2026-03-24T13:09:53.713] [DEBUG] debug-file - Current busy worker size: 0.
[2026-03-24T13:09:53.702] [DEBUG] debug-file - Incremental task entry:default@ProcessProfile post-execution cost:1 ms .
[2026-03-24T13:09:53.713] [DEBUG] debug-file - hvigor build process will be closed.
[2026-03-24T13:09:53.702] [DEBUG] debug-file - Update task entry:default@ProcessRouterMap input file:/home/pc/Desktop/benchmarks/mobile/harmony/oxo-harmony-ben1/src/entry/oh-package.json5 cache by regenerate.
[2026-03-24T13:09:53.714] [DEBUG] debug-file - Current worker pool is terminated.
[2026-03-24T13:09:53.702] [DEBUG] debug-file - Update task entry:default@ProcessRouterMap input file:/home/pc/Desktop/benchmarks/mobile/harmony/oxo-harmony-ben1/src/oh-package.json5 cache by regenerate.
[2026-03-24T13:09:53.715] [DEBUG] debug-file - worker[0] exits with exit code 1.
[2026-03-24T13:09:53.702] [DEBUG] debug-file - Update task entry:default@ProcessRouterMap input file:/home/pc/Desktop/benchmarks/mobile/harmony/oxo-harmony-ben1/src/entry/src/main/module.json5 cache by regenerate.
[2026-03-24T13:09:53.715] [DEBUG] debug-file - worker[1] exits with exit code 1.
[2026-03-24T13:09:53.702] [DEBUG] debug-file - Update task entry:default@ProcessRouterMap output file:/home/pc/Desktop/benchmarks/mobile/harmony/oxo-harmony-ben1/src/entry/build/default/intermediates/router_map/default/temp-router-map.json cache.
[2026-03-24T13:09:53.702] [DEBUG] debug-file - Update task entry:default@ProcessRouterMap output file:/home/pc/Desktop/benchmarks/mobile/harmony/oxo-harmony-ben1/src/entry/build/default/intermediates/router_map/default/loader-router-map.json cache.
[2026-03-24T13:09:53.702] [DEBUG] debug-file - Incremental task entry:default@ProcessRouterMap post-execution cost:1 ms .
[2026-03-24T13:09:53.702] [DEBUG] debug-file - Update task entry:default@ProcessStartupConfig output file:/home/pc/Desktop/benchmarks/mobile/harmony/oxo-harmony-ben1/src/entry/build/default/intermediates/startup/default/startup_config.json cache.
[2026-03-24T13:09:53.702] [DEBUG] debug-file - Incremental task entry:default@ProcessStartupConfig post-execution cost:1 ms .
[2026-03-24T13:09:53.702] [DEBUG] debug-file - Update task entry:default@ProcessResource output file:/home/pc/Desktop/benchmarks/mobile/harmony/oxo-harmony-ben1/src/entry/build/default/intermediates/res/default/resConfig.json cache.
[2026-03-24T13:09:53.703] [DEBUG] debug-file - Update task entry:default@ProcessResource output file:/home/pc/Desktop/benchmarks/mobile/harmony/oxo-harmony-ben1/src/entry/build/default/intermediates/res/default/opt-compression.json cache.
[2026-03-24T13:09:53.703] [DEBUG] debug-file - Incremental task entry:default@ProcessResource post-execution cost:1 ms .
[2026-03-24T13:09:53.703] [DEBUG] debug-file - Update task entry:default@GenerateLoaderJson input file:/home/pc/Desktop/benchmarks/mobile/harmony/oxo-harmony-ben1/src/entry/src/mock/mock-config.json5 cache by regenerate.
[2026-03-24T13:09:53.703] [DEBUG] debug-file - Update task entry:default@GenerateLoaderJson input file:/home/pc/Desktop/benchmarks/mobile/harmony/oxo-harmony-ben1/src/entry/build/default/intermediates/router_map/default/temp-router-map.json cache by regenerate.
[2026-03-24T13:09:53.703] [DEBUG] debug-file - Update task entry:default@GenerateLoaderJson output file:/home/pc/Desktop/benchmarks/mobile/harmony/oxo-harmony-ben1/src/entry/build/default/intermediates/loader/default/loader.json cache.
[2026-03-24T13:09:53.703] [DEBUG] debug-file - Incremental task entry:default@GenerateLoaderJson post-execution cost:1 ms .
[2026-03-24T13:09:53.703] [DEBUG] debug-file - Update task entry:default@ProcessLibs input file:/home/pc/Desktop/benchmarks/mobile/harmony/oxo-harmony-ben1/src/build-profile.json5 cache by regenerate.
[2026-03-24T13:09:53.703] [DEBUG] debug-file - Update task entry:default@ProcessLibs input file:/home/pc/Desktop/benchmarks/mobile/harmony/oxo-harmony-ben1/src/entry/build-profile.json5 cache by regenerate.
[2026-03-24T13:09:53.703] [DEBUG] debug-file - Update task entry:default@ProcessLibs output file:/home/pc/Desktop/benchmarks/mobile/harmony/oxo-harmony-ben1/src/entry/build/default/intermediates/libs/default cache.
[2026-03-24T13:09:53.703] [DEBUG] debug-file - Incremental task entry:default@ProcessLibs post-execution cost:1 ms .
[2026-03-24T13:09:53.703] [DEBUG] debug-file - Update task entry:default@CompileResource input file:/home/pc/Desktop/benchmarks/mobile/harmony/oxo-harmony-ben1/src/entry/src/main/resources cache by regenerate.
[2026-03-24T13:09:53.703] [DEBUG] debug-file - Update task entry:default@CompileResource input file:/home/pc/Desktop/benchmarks/mobile/harmony/oxo-harmony-ben1/src/AppScope/resources cache by regenerate.
[2026-03-24T13:09:53.703] [DEBUG] debug-file - Update task entry:default@CompileResource input file:/home/pc/Desktop/benchmarks/mobile/harmony/oxo-harmony-ben1/src/entry/build/default/intermediates/process_profile/default/module.json cache by regenerate.
[2026-03-24T13:09:53.703] [DEBUG] debug-file - Update task entry:default@CompileResource input file:/home/pc/Desktop/benchmarks/mobile/harmony/oxo-harmony-ben1/src/entry/build/default/intermediates/res/default/resConfig.json cache by regenerate.
[2026-03-24T13:09:53.704] [DEBUG] debug-file - Update task entry:default@CompileResource output file:/home/pc/Desktop/benchmarks/mobile/harmony/oxo-harmony-ben1/src/entry/build/default/intermediates/res/default cache.
[2026-03-24T13:09:53.704] [DEBUG] debug-file - Update task entry:default@CompileResource output file:/home/pc/Desktop/benchmarks/mobile/harmony/oxo-harmony-ben1/src/entry/build/default/generated/r/default/ResourceTable.h cache.
[2026-03-24T13:09:53.704] [DEBUG] debug-file - Update task entry:default@CompileResource output file:/home/pc/Desktop/benchmarks/mobile/harmony/oxo-harmony-ben1/src/entry/build/default/generated/r/default cache.
[2026-03-24T13:09:53.704] [DEBUG] debug-file - Incremental task entry:default@CompileResource post-execution cost:1 ms .
[2026-03-24T13:09:53.704] [DEBUG] debug-file - Update task entry:default@DoNativeStrip input file:/home/pc/Desktop/benchmarks/mobile/harmony/oxo-harmony-ben1/src/entry/build/default/intermediates/libs/default cache by regenerate.
[2026-03-24T13:09:53.704] [DEBUG] debug-file - Update task entry:default@DoNativeStrip output file:/home/pc/Desktop/benchmarks/mobile/harmony/oxo-harmony-ben1/src/entry/build/default/intermediates/stripped_native_libs/default cache.
[2026-03-24T13:09:53.704] [DEBUG] debug-file - Incremental task entry:default@DoNativeStrip post-execution cost:1 ms .
[2026-03-24T13:09:53.704] [DEBUG] debug-file - Update task entry:default@CompileArkTS input file:/home/pc/Desktop/benchmarks/mobile/harmony/oxo-harmony-ben1/src/entry/build/default/intermediates/loader/default cache by regenerate.
[2026-03-24T13:09:53.704] [DEBUG] debug-file - Update task entry:default@CompileArkTS input file:/home/pc/Desktop/benchmarks/mobile/harmony/oxo-harmony-ben1/src/entry/build/default/intermediates/res/default/ResourceTable.txt cache by regenerate.
[2026-03-24T13:09:53.704] [DEBUG] debug-file - Update task entry:default@CompileArkTS input file:/home/pc/Desktop/benchmarks/mobile/harmony/oxo-harmony-ben1/src/entry/build/default/intermediates/res/default/ark_module.json cache by regenerate.
[2026-03-24T13:09:53.704] [DEBUG] debug-file - Update task entry:default@CompileArkTS input file:/home/pc/Desktop/benchmarks/mobile/harmony/oxo-harmony-ben1/src/entry/build/default/intermediates/res/default/resources/base/profile cache by regenerate.
[2026-03-24T13:09:53.704] [DEBUG] debug-file - Update task entry:default@CompileArkTS input file:/home/pc/Desktop/benchmarks/mobile/harmony/oxo-harmony-ben1/src/entry/src/main/ets cache by regenerate.
[2026-03-24T13:09:53.704] [DEBUG] debug-file - Update task entry:default@CompileArkTS input file:/home/pc/Desktop/benchmarks/mobile/harmony/oxo-harmony-ben1/src/entry/build/default/generated/profile/default/BuildProfile.ets cache by regenerate.
[2026-03-24T13:09:53.704] [DEBUG] debug-file - Update task entry:default@CompileArkTS input file:/home/pc/Desktop/benchmarks/mobile/harmony/oxo-harmony-ben1/src/entry/src/mock/mock-config.json5 cache by regenerate.
